127.0.0.1 - - [16/Nov/2015:09:58:56 -0200] "GET / HTTP/1.1" 404 951
0:0:0:0:0:0:0:1 - - [16/Nov/2015:09:59:05 -0200] "GET /contas/tabelas HTTP/1.1" 200 267
127.0.0.1 - - [16/Nov/2015:10:06:10 -0200] "GET / HTTP/1.1" 404 951
0:0:0:0:0:0:0:1 - - [16/Nov/2015:10:06:16 -0200] "GET /contas/olaMundoSpring HTTP/1.1" 404 949
127.0.0.1 - - [16/Nov/2015:10:07:22 -0200] "GET / HTTP/1.1" 404 951
0:0:0:0:0:0:0:1 - - [16/Nov/2015:10:07:28 -0200] "GET /contas/olaMundoSpring HTTP/1.1" 200 279
0:0:0:0:0:0:0:1 - - [16/Nov/2015:10:07:28 -0200] "GET /favicon.ico HTTP/1.1" 404 973
127.0.0.1 - - [16/Nov/2015:10:38:57 -0200] "GET / HTTP/1.1" 404 951
0:0:0:0:0:0:0:1 - - [16/Nov/2015:10:39:03 -0200] "GET /contas/form HTTP/1.1" 200 643
0:0:0:0:0:0:0:1 - - [16/Nov/2015:10:39:13 -0200] "POST /contas/adicionaConta HTTP/1.1" 200 289
127.0.0.1 - - [16/Nov/2015:10:44:17 -0200] "GET / HTTP/1.1" 404 951
0:0:0:0:0:0:0:1 - - [16/Nov/2015:10:44:25 -0200] "GET /contas/form HTTP/1.1" 200 643
0:0:0:0:0:0:0:1 - - [16/Nov/2015:10:44:32 -0200] "POST /contas/adicionaConta HTTP/1.1" 200 289
127.0.0.1 - - [16/Nov/2015:11:03:14 -0200] "GET / HTTP/1.1" 404 951
127.0.0.1 - - [16/Nov/2015:11:03:28 -0200] "GET / HTTP/1.1" 404 951
0:0:0:0:0:0:0:1 - - [16/Nov/2015:11:03:34 -0200] "GET /contas/listaContas HTTP/1.1" 404 1023
0:0:0:0:0:0:0:1 - - [16/Nov/2015:11:04:19 -0200] "GET /contas/listaContas HTTP/1.1" 404 1023
0:0:0:0:0:0:0:1 - - [16/Nov/2015:11:05:19 -0200] "GET /contas/ HTTP/1.1" 404 949
0:0:0:0:0:0:0:1 - - [16/Nov/2015:11:05:25 -0200] "GET /contas/adicionaConta HTTP/1.1" 500 3725
127.0.0.1 - - [16/Nov/2015:11:06:03 -0200] "GET / HTTP/1.1" 404 951
0:0:0:0:0:0:0:1 - - [16/Nov/2015:11:06:14 -0200] "GET /contas/tabelas HTTP/1.1" 200 267
0:0:0:0:0:0:0:1 - - [16/Nov/2015:11:06:18 -0200] "GET /contas/adicionaConta HTTP/1.1" 500 3725
0:0:0:0:0:0:0:1 - - [16/Nov/2015:11:06:39 -0200] "GET /contas/form HTTP/1.1" 200 643
0:0:0:0:0:0:0:1 - - [16/Nov/2015:11:06:45 -0200] "POST /contas/adicionaConta HTTP/1.1" 200 289
0:0:0:0:0:0:0:1 - - [16/Nov/2015:11:06:50 -0200] "GET /contas/listaContas HTTP/1.1" 404 1023
0:0:0:0:0:0:0:1 - - [16/Nov/2015:11:07:31 -0200] "GET /contas/listaContas HTTP/1.1" 404 1023
127.0.0.1 - - [16/Nov/2015:11:09:07 -0200] "GET / HTTP/1.1" 404 951
0:0:0:0:0:0:0:1 - - [16/Nov/2015:11:09:14 -0200] "GET /contas/listaContas HTTP/1.1" 404 1023
127.0.0.1 - - [16/Nov/2015:11:10:18 -0200] "GET / HTTP/1.1" 404 951
0:0:0:0:0:0:0:1 - - [16/Nov/2015:11:10:25 -0200] "GET /contas/listaContas HTTP/1.1" 404 1023
127.0.0.1 - - [16/Nov/2015:11:11:54 -0200] "GET / HTTP/1.1" 404 951
0:0:0:0:0:0:0:1 - - [16/Nov/2015:11:12:04 -0200] "GET /contas/listaContas HTTP/1.1" 200 318
127.0.0.1 - - [16/Nov/2015:11:12:48 -0200] "GET / HTTP/1.1" 404 951
0:0:0:0:0:0:0:1 - - [16/Nov/2015:11:13:15 -0200] "GET /contas/listaContas HTTP/1.1" 404 1023
127.0.0.1 - - [16/Nov/2015:11:14:01 -0200] "GET / HTTP/1.1" 404 951
0:0:0:0:0:0:0:1 - - [16/Nov/2015:11:14:08 -0200] "GET /contas/listaContas HTTP/1.1" 404 1023
0:0:0:0:0:0:0:1 - - [16/Nov/2015:11:14:29 -0200] "GET /contas/listaContas HTTP/1.1" 404 1023
0:0:0:0:0:0:0:1 - - [16/Nov/2015:11:14:31 -0200] "GET /contas/listaContas HTTP/1.1" 404 1023
0:0:0:0:0:0:0:1 - - [16/Nov/2015:11:14:31 -0200] "GET /contas/listaContas HTTP/1.1" 404 1023
0:0:0:0:0:0:0:1 - - [16/Nov/2015:11:14:32 -0200] "GET /contas/listaContas HTTP/1.1" 404 1023
0:0:0:0:0:0:0:1 - - [16/Nov/2015:11:14:32 -0200] "GET /contas/listaContas HTTP/1.1" 404 1023
0:0:0:0:0:0:0:1 - - [16/Nov/2015:11:14:32 -0200] "GET /contas/listaContas HTTP/1.1" 404 1023
0:0:0:0:0:0:0:1 - - [16/Nov/2015:11:14:32 -0200] "GET /contas/listaContas HTTP/1.1" 404 1023
0:0:0:0:0:0:0:1 - - [16/Nov/2015:11:14:33 -0200] "GET /contas/listaContas HTTP/1.1" 404 1023
0:0:0:0:0:0:0:1 - - [16/Nov/2015:11:14:33 -0200] "GET /contas/listaContas HTTP/1.1" 404 1023
0:0:0:0:0:0:0:1 - - [16/Nov/2015:11:14:33 -0200] "GET /contas/listaContas HTTP/1.1" 404 1023
0:0:0:0:0:0:0:1 - - [16/Nov/2015:11:14:36 -0200] "GET /contas/form HTTP/1.1" 200 643
0:0:0:0:0:0:0:1 - - [16/Nov/2015:11:14:44 -0200] "POST /contas/adicionaConta HTTP/1.1" 200 289
0:0:0:0:0:0:0:1 - - [16/Nov/2015:11:14:51 -0200] "GET /contas/listaContas HTTP/1.1" 404 1023
127.0.0.1 - - [16/Nov/2015:11:16:20 -0200] "GET / HTTP/1.1" 404 951
0:0:0:0:0:0:0:1 - - [16/Nov/2015:11:16:26 -0200] "GET /contas/listaContas HTTP/1.1" 404 949
0:0:0:0:0:0:0:1 - - [16/Nov/2015:11:16:29 -0200] "GET /contas/listaConta HTTP/1.1" 404 1021
0:0:0:0:0:0:0:1 - - [16/Nov/2015:11:16:42 -0200] "GET /contas/listaConta HTTP/1.1" 404 1021
0:0:0:0:0:0:0:1 - - [16/Nov/2015:11:16:46 -0200] "GET /contas/lista HTTP/1.1" 404 949
0:0:0:0:0:0:0:1 - - [16/Nov/2015:11:17:11 -0200] "GET /contas/lista HTTP/1.1" 500 10397
127.0.0.1 - - [16/Nov/2015:11:17:36 -0200] "GET / HTTP/1.1" 404 951
0:0:0:0:0:0:0:1 - - [16/Nov/2015:11:17:49 -0200] "GET /contas/lista HTTP/1.1" 404 1011
127.0.0.1 - - [16/Nov/2015:11:18:34 -0200] "GET / HTTP/1.1" 404 951
0:0:0:0:0:0:0:1 - - [16/Nov/2015:11:18:43 -0200] "GET /contas/lista HTTP/1.1" 404 1011
127.0.0.1 - - [16/Nov/2015:11:26:56 -0200] "GET / HTTP/1.1" 404 951
0:0:0:0:0:0:0:1 - - [16/Nov/2015:11:27:29 -0200] "GET /contas/olaMundoSpring HTTP/1.1" 200 279
0:0:0:0:0:0:0:1 - - [16/Nov/2015:11:27:35 -0200] "GET /contas/form HTTP/1.1" 200 643
0:0:0:0:0:0:0:1 - - [16/Nov/2015:11:27:44 -0200] "POST /contas/adicionaConta HTTP/1.1" 200 289
0:0:0:0:0:0:0:1 - - [16/Nov/2015:11:28:05 -0200] "GET /contas/listaContas HTTP/1.1" 404 1023
127.0.0.1 - - [16/Nov/2015:11:32:55 -0200] "GET / HTTP/1.1" 404 951
0:0:0:0:0:0:0:1 - - [16/Nov/2015:11:33:04 -0200] "GET /contas/listaContas HTTP/1.1" 404 1023
127.0.0.1 - - [16/Nov/2015:11:34:47 -0200] "GET / HTTP/1.1" 404 951
0:0:0:0:0:0:0:1 - - [16/Nov/2015:11:35:07 -0200] "GET /contas/listaContas HTTP/1.1" 404 1023
127.0.0.1 - - [16/Nov/2015:11:36:09 -0200] "GET / HTTP/1.1" 404 951
0:0:0:0:0:0:0:1 - - [16/Nov/2015:11:36:20 -0200] "GET /contas/listaContas HTTP/1.1" 404 1023
127.0.0.1 - - [16/Nov/2015:11:37:01 -0200] "GET / HTTP/1.1" 404 951
0:0:0:0:0:0:0:1 - - [16/Nov/2015:11:37:38 -0200] "GET /contas/listaContas HTTP/1.1" 200 318
0:0:0:0:0:0:0:1 - - [16/Nov/2015:11:40:16 -0200] "GET /contas/listaContas HTTP/1.1" 500 10397
127.0.0.1 - - [16/Nov/2015:11:40:32 -0200] "GET / HTTP/1.1" 404 951
0:0:0:0:0:0:0:1 - - [16/Nov/2015:11:40:45 -0200] "GET /contas/listaContas HTTP/1.1" 200 1141
127.0.0.1 - - [16/Nov/2015:11:42:42 -0200] "GET / HTTP/1.1" 404 951
0:0:0:0:0:0:0:1 - - [16/Nov/2015:11:42:51 -0200] "GET /contas/listaContas2 HTTP/1.1" 200 1141
127.0.0.1 - - [16/Nov/2015:12:14:59 -0200] "GET / HTTP/1.1" 404 951
0:0:0:0:0:0:0:1 - - [16/Nov/2015:12:15:12 -0200] "GET /contas/form HTTP/1.1" 200 659
0:0:0:0:0:0:0:1 - - [16/Nov/2015:12:15:14 -0200] "POST /contas/adicionaConta HTTP/1.1" 200 812
0:0:0:0:0:0:0:1 - - [16/Nov/2015:12:15:23 -0200] "POST /contas/adicionaConta HTTP/1.1" 200 755
192.168.1.102 - - [16/Nov/2015:15:22:25 -0200] "GET / HTTP/1.1" 404 951
192.168.1.102 - - [16/Nov/2015:15:22:25 -0200] "GET /HNAP1/ HTTP/1.1" 404 963
fe80:0:0:0:2063:41d7:a3a9:1ac1%13 - - [16/Nov/2015:15:22:28 -0200] "GET / HTTP/1.1" 404 951
fe80:0:0:0:2063:41d7:a3a9:1ac1%13 - - [16/Nov/2015:15:22:28 -0200] "GET /HNAP1/ HTTP/1.1" 404 963
127.0.0.1 - - [16/Nov/2015:16:22:33 -0200] "GET / HTTP/1.1" 404 951
0:0:0:0:0:0:0:1 - - [16/Nov/2015:16:22:52 -0200] "GET /contas/adicionaConta HTTP/1.1" 200 746
0:0:0:0:0:0:0:1 - - [16/Nov/2015:16:23:02 -0200] "GET /contas/listaContas HTTP/1.1" 200 1813
0:0:0:0:0:0:0:1 - - [16/Nov/2015:16:23:02 -0200] "GET /contas/resources/js/jquery.js HTTP/1.1" 404 1009
0:0:0:0:0:0:0:1 - - [16/Nov/2015:16:23:48 -0200] "GET /contas/listaContas HTTP/1.1" 200 1813
0:0:0:0:0:0:0:1 - - [16/Nov/2015:16:23:48 -0200] "GET /contas/resources/js/jquery.js HTTP/1.1" 404 1009
0:0:0:0:0:0:0:1 - - [16/Nov/2015:16:24:01 -0200] "GET /contas/listaContas HTTP/1.1" 200 1813
0:0:0:0:0:0:0:1 - - [16/Nov/2015:16:24:01 -0200] "GET /contas/resources/js/jquery.js HTTP/1.1" 404 1009
0:0:0:0:0:0:0:1 - - [16/Nov/2015:16:24:16 -0200] "GET /contas/listaContas HTTP/1.1" 200 1813
0:0:0:0:0:0:0:1 - - [16/Nov/2015:16:24:16 -0200] "GET /contas/resources/js/jquery.js HTTP/1.1" 404 1009
127.0.0.1 - - [16/Nov/2015:16:25:40 -0200] "GET / HTTP/1.1" 404 951
0:0:0:0:0:0:0:1 - - [16/Nov/2015:16:25:50 -0200] "GET /contas/listaContas HTTP/1.1" 200 1809
0:0:0:0:0:0:0:1 - - [16/Nov/2015:16:29:10 -0200] "GET /contas/listaContas HTTP/1.1" 200 1809
0:0:0:0:0:0:0:1 - - [16/Nov/2015:16:29:11 -0200] "GET /contas/resources/js/jquery.js HTTP/1.1" 404 1009
0:0:0:0:0:0:0:1 - - [16/Nov/2015:16:29:11 -0200] "GET /favicon.ico HTTP/1.1" 404 973
0:0:0:0:0:0:0:1 - - [16/Nov/2015:16:29:11 -0200] "GET /favicon.ico HTTP/1.1" 404 973
127.0.0.1 - - [16/Nov/2015:16:30:16 -0200] "GET / HTTP/1.1" 404 951
0:0:0:0:0:0:0:1 - - [16/Nov/2015:16:30:24 -0200] "GET /contas/listaContas HTTP/1.1" 200 1830
0:0:0:0:0:0:0:1 - - [16/Nov/2015:16:30:24 -0200] "GET /contas/resources/js/jquery.js HTTP/1.1" 404 1009
127.0.0.1 - - [16/Nov/2015:16:32:58 -0200] "GET / HTTP/1.1" 404 951
127.0.0.1 - - [16/Nov/2015:16:35:21 -0200] "GET / HTTP/1.1" 404 951
0:0:0:0:0:0:0:1 - - [16/Nov/2015:16:35:30 -0200] "GET /contas/listaContas HTTP/1.1" 200 1831
0:0:0:0:0:0:0:1 - - [16/Nov/2015:16:35:30 -0200] "GET /contas/resources/js/jquery.js HTTP/1.1" 404 1009
127.0.0.1 - - [16/Nov/2015:16:36:37 -0200] "GET / HTTP/1.1" 404 951
0:0:0:0:0:0:0:1 - - [16/Nov/2015:16:36:44 -0200] "GET /contas/listaContas HTTP/1.1" 200 1814
0:0:0:0:0:0:0:1 - - [16/Nov/2015:16:36:44 -0200] "GET /contas/resources/js/jquery.js HTTP/1.1" 404 1009
127.0.0.1 - - [16/Nov/2015:16:37:50 -0200] "GET / HTTP/1.1" 404 951
0:0:0:0:0:0:0:1 - - [16/Nov/2015:16:37:56 -0200] "GET /contas/listaContas HTTP/1.1" 200 1817
0:0:0:0:0:0:0:1 - - [16/Nov/2015:16:37:56 -0200] "GET /resources/js/jquery.js HTTP/1.1" 404 995
127.0.0.1 - - [16/Nov/2015:16:38:38 -0200] "GET / HTTP/1.1" 404 951
0:0:0:0:0:0:0:1 - - [16/Nov/2015:16:38:47 -0200] "GET /contas/listaContas HTTP/1.1" 200 1831
0:0:0:0:0:0:0:1 - - [16/Nov/2015:16:38:47 -0200] "GET /contas/resources/js/jquery.js HTTP/1.1" 404 1009
0:0:0:0:0:0:0:1 - - [16/Nov/2015:16:38:58 -0200] "GET /contas/listaContas HTTP/1.1" 200 1831
0:0:0:0:0:0:0:1 - - [16/Nov/2015:16:38:58 -0200] "GET /contas/resources/js/jquery.js HTTP/1.1" 404 1009
0:0:0:0:0:0:0:1 - - [16/Nov/2015:16:40:23 -0200] "GET /contas/listaContas HTTP/1.1" 200 1831
0:0:0:0:0:0:0:1 - - [16/Nov/2015:16:40:23 -0200] "GET /contas/resources/js/jquery.js HTTP/1.1" 404 1009
127.0.0.1 - - [16/Nov/2015:16:42:12 -0200] "GET / HTTP/1.1" 404 951
0:0:0:0:0:0:0:1 - - [16/Nov/2015:16:42:19 -0200] "GET /contas/listaContas HTTP/1.1" 200 1831
0:0:0:0:0:0:0:1 - - [16/Nov/2015:16:42:19 -0200] "GET /contas/resources/js/jquery.js HTTP/1.1" 200 83501
0:0:0:0:0:0:0:1 - - [16/Nov/2015:16:42:20 -0200] "GET /contas/resources/js/jquery-2.0.2.min.map HTTP/1.1" 404 1031
0:0:0:0:0:0:0:1 - - [16/Nov/2015:16:42:22 -0200] "POST /contas/pagaConta HTTP/1.1" 200 -
127.0.0.1 - - [16/Nov/2015:16:43:04 -0200] "GET / HTTP/1.1" 404 951
0:0:0:0:0:0:0:1 - - [16/Nov/2015:16:43:12 -0200] "GET /contas/listaContas HTTP/1.1" 200 1758
0:0:0:0:0:0:0:1 - - [16/Nov/2015:16:43:12 -0200] "GET /contas/resources/js/jquery.js HTTP/1.1" 304 -
0:0:0:0:0:0:0:1 - - [16/Nov/2015:16:43:12 -0200] "GET /contas/resources/js/jquery-2.0.2.min.map HTTP/1.1" 404 1031
0:0:0:0:0:0:0:1 - - [16/Nov/2015:16:43:16 -0200] "POST /contas/pagaConta HTTP/1.1" 200 -
0:0:0:0:0:0:0:1 - - [16/Nov/2015:16:43:21 -0200] "POST /contas/pagaConta HTTP/1.1" 200 -
0:0:0:0:0:0:0:1 - - [16/Nov/2015:16:43:23 -0200] "GET /contas/listaContas HTTP/1.1" 200 1542
0:0:0:0:0:0:0:1 - - [16/Nov/2015:16:43:23 -0200] "GET /contas/resources/js/jquery.js HTTP/1.1" 304 -
0:0:0:0:0:0:0:1 - - [16/Nov/2015:16:43:23 -0200] "GET /contas/resources/js/jquery-2.0.2.min.map HTTP/1.1" 404 1031
127.0.0.1 - - [16/Nov/2015:16:44:35 -0200] "GET / HTTP/1.1" 404 951
0:0:0:0:0:0:0:1 - - [16/Nov/2015:16:44:41 -0200] "GET /contas/listaContas HTTP/1.1" 200 1569
0:0:0:0:0:0:0:1 - - [16/Nov/2015:16:44:41 -0200] "GET /contas/resources/js/jquery.js HTTP/1.1" 304 -
0:0:0:0:0:0:0:1 - - [16/Nov/2015:16:44:41 -0200] "GET /contas/resources/js/jquery-2.0.2.min.map HTTP/1.1" 404 1031
127.0.0.1 - - [16/Nov/2015:16:45:36 -0200] "GET / HTTP/1.1" 404 951
0:0:0:0:0:0:0:1 - - [16/Nov/2015:16:46:08 -0200] "GET /contas/listaContas HTTP/1.1" 200 1653
0:0:0:0:0:0:0:1 - - [16/Nov/2015:16:46:08 -0200] "GET /contas/resources/js/jquery.js HTTP/1.1" 304 -
0:0:0:0:0:0:0:1 - - [16/Nov/2015:16:46:08 -0200] "GET /contas/resources/js/jquery-2.0.2.min.map HTTP/1.1" 404 1031
127.0.0.1 - - [16/Nov/2015:17:10:23 -0200] "GET / HTTP/1.1" 404 951
0:0:0:0:0:0:0:1 - - [16/Nov/2015:17:10:35 -0200] "GET /contas/login HTTP/1.1" 404 975
0:0:0:0:0:0:0:1 - - [16/Nov/2015:17:12:19 -0200] "GET /contas/login HTTP/1.1" 404 975
127.0.0.1 - - [16/Nov/2015:17:13:31 -0200] "GET / HTTP/1.1" 404 951
0:0:0:0:0:0:0:1 - - [16/Nov/2015:17:13:35 -0200] "GET /contas/login HTTP/1.1" 200 378
0:0:0:0:0:0:0:1 - - [16/Nov/2015:17:13:53 -0200] "POST /contas/efetuaLogin HTTP/1.1" 302 -
0:0:0:0:0:0:0:1 - - [16/Nov/2015:17:13:53 -0200] "GET /contas/login HTTP/1.1" 200 378
0:0:0:0:0:0:0:1 - - [16/Nov/2015:17:14:13 -0200] "POST /contas/efetuaLogin HTTP/1.1" 200 279
0:0:0:0:0:0:0:1 - - [16/Nov/2015:17:14:22 -0200] "GET /contas/listaContas HTTP/1.1" 200 1653
0:0:0:0:0:0:0:1 - - [16/Nov/2015:17:14:22 -0200] "GET /contas/resources/js/jquery-2.0.2.min.map HTTP/1.1" 404 1031
127.0.0.1 - - [16/Nov/2015:17:17:08 -0200] "GET / HTTP/1.1" 404 951
0:0:0:0:0:0:0:1 - - [16/Nov/2015:17:17:11 -0200] "GET /contas/listaContas HTTP/1.1" 302 -
0:0:0:0:0:0:0:1 - - [16/Nov/2015:17:17:11 -0200] "GET /contas/loginForm HTTP/1.1" 404 983
0:0:0:0:0:0:0:1 - - [16/Nov/2015:17:17:42 -0200] "GET /contas/loginForm HTTP/1.1" 404 983
127.0.0.1 - - [16/Nov/2015:17:18:01 -0200] "GET / HTTP/1.1" 404 951
0:0:0:0:0:0:0:1 - - [16/Nov/2015:17:18:07 -0200] "GET /contas/loginForm HTTP/1.1" 200 378
0:0:0:0:0:0:0:1 - - [16/Nov/2015:17:18:13 -0200] "POST /contas/efetuaLogin HTTP/1.1" 302 -
0:0:0:0:0:0:0:1 - - [16/Nov/2015:17:18:13 -0200] "GET /contas/loginForm HTTP/1.1" 200 378
0:0:0:0:0:0:0:1 - - [16/Nov/2015:17:18:20 -0200] "POST /contas/efetuaLogin HTTP/1.1" 200 279
0:0:0:0:0:0:0:1 - - [16/Nov/2015:17:18:23 -0200] "GET /contas/listaContas HTTP/1.1" 200 1653
0:0:0:0:0:0:0:1 - - [16/Nov/2015:17:18:23 -0200] "GET /contas/resources/js/jquery-2.0.2.min.map HTTP/1.1" 404 1031
0:0:0:0:0:0:0:1 - - [16/Nov/2015:17:18:30 -0200] "GET /contas/adicionarConta HTTP/1.1" 404 993
0:0:0:0:0:0:0:1 - - [16/Nov/2015:17:18:35 -0200] "GET /contas/adicionar HTTP/1.1" 404 983
127.0.0.1 - - [16/Nov/2015:17:21:12 -0200] "GET / HTTP/1.1" 404 951
0:0:0:0:0:0:0:1 - - [16/Nov/2015:17:21:16 -0200] "GET /contas/adicionar HTTP/1.1" 302 -
0:0:0:0:0:0:0:1 - - [16/Nov/2015:17:21:16 -0200] "GET /contas/loginForm HTTP/1.1" 200 378
0:0:0:0:0:0:0:1 - - [16/Nov/2015:17:21:28 -0200] "POST /contas/efetuaLogin HTTP/1.1" 200 314
0:0:0:0:0:0:0:1 - - [16/Nov/2015:17:21:30 -0200] "GET /contas/efetuaLogout HTTP/1.1" 302 -
0:0:0:0:0:0:0:1 - - [16/Nov/2015:17:21:30 -0200] "GET /contas/loginForm HTTP/1.1" 200 378
0:0:0:0:0:0:0:1 - - [16/Nov/2015:17:21:37 -0200] "GET /contas/listaContas HTTP/1.1" 302 -
0:0:0:0:0:0:0:1 - - [16/Nov/2015:17:21:37 -0200] "GET /contas/loginForm HTTP/1.1" 200 378
